-XX:ConcGCThreads=3 -XX:G1ConcRefinementThreads=10 -XX:GCDrainStackTargetSize=64 -XX:+HeapDumpOnOutOfMemoryError -XX:InitialHeapSize=263269632 -XX:MarkStackSize=4194304 -XX:MaxHeapSize=2147483648 -XX:MinHeapSize=6815736 -XX:+PrintCommandLineFlags -XX:ReservedCodeCacheSize=251658240 -XX:+SegmentedCodeCache -XX:+UseCompressedClassPointers -XX:+UseCompressedOops -XX:+UseG1GC -XX:-UseLargePagesIndividualAllocation 
C:\Users\pc\lein.bat 
: Reflection 
warning, clj_commons/
byte_streams/graph.cl
j:122:41 - reference 
to field wrapper on 
java.lang.Object 
can't be resolved.
No linha:1 
caractere:1
+ 
C:\Users\pc\lein.bat 
test > 
test_output.log 2>&1
+ ~~~~~~~~~~~~~~~~~~~
~~~~~~~~~~~~~~~~~~~~~
~~~~~~~~
    + CategoryInfo   
           : NotSpe  
  cified: (Reflect   
 ion warn...'t be    
 resolved.:Strin    
g) [], RemoteExc    
eption
    + FullyQualified 
   ErrorId : Native  
  CommandError
 
Reflection warning, c
lj_commons/byte_strea
ms/graph.clj:123:41 
- reference to field 
wrapper on 
java.lang.Object 
can't be resolved.
Reflection warning, c
lj_commons/byte_strea
ms/graph.clj:124:42 
- reference to field 
type on 
java.lang.Object 
can't be resolved.
Reflection warning, c
lj_commons/byte_strea
ms/graph.clj:125:42 
- reference to field 
type on 
java.lang.Object 
can't be resolved.
Syntax error 
compiling at (aleph\n
etty.clj:1820:20).
Unable to resolve 
symbol: closed? in 
this context

Full report at:
C:\Users\pc\AppData\L
ocal\Temp\clojure-698
7569761252542508.edn
Subprocess failed 
(exit code: 1)
